Archive member included to satisfy reference by file (symbol)

C:/ST/STM32CubeIDE_1.16.1/STM32CubeIDE/plugins/com.st.stm32cube.ide.mcu.externaltools.gnu-tools-for-stm32.12.3.rel1.win32_1.0.200.202406191623/tools/bin/../lib/gcc/arm-none-eabi/12.3.1/../../../../arm-none-eabi/lib/thumb/v7e-m+fp/hard\libc_nano.a(libc_a-exit.o)
                              C:/ST/STM32CubeIDE_1.16.1/STM32CubeIDE/plugins/com.st.stm32cube.ide.mcu.externaltools.gnu-tools-for-stm32.12.3.rel1.win32_1.0.200.202406191623/tools/bin/../lib/gcc/arm-none-eabi/12.3.1/../../../../arm-none-eabi/lib/thumb/v7e-m+fp/hard/crt0.o (exit)
C:/ST/STM32CubeIDE_1.16.1/STM32CubeIDE/plugins/com.st.stm32cube.ide.mcu.externaltools.gnu-tools-for-stm32.12.3.rel1.win32_1.0.200.202406191623/tools/bin/../lib/gcc/arm-none-eabi/12.3.1/../../../../arm-none-eabi/lib/thumb/v7e-m+fp/hard\libc_nano.a(libc_a-findfp.o)
                              C:/ST/STM32CubeIDE_1.16.1/STM32CubeIDE/plugins/com.st.stm32cube.ide.mcu.externaltools.gnu-tools-for-stm32.12.3.rel1.win32_1.0.200.202406191623/tools/bin/../lib/gcc/arm-none-eabi/12.3.1/../../../../arm-none-eabi/lib/thumb/v7e-m+fp/hard\libc_nano.a(libc_a-exit.o) (__stdio_exit_handler)
C:/ST/STM32CubeIDE_1.16.1/STM32CubeIDE/plugins/com.st.stm32cube.ide.mcu.externaltools.gnu-tools-for-stm32.12.3.rel1.win32_1.0.200.202406191623/tools/bin/../lib/gcc/arm-none-eabi/12.3.1/../../../../arm-none-eabi/lib/thumb/v7e-m+fp/hard\libc_nano.a(libc_a-fwalk.o)
                              C:/ST/STM32CubeIDE_1.16.1/STM32CubeIDE/plugins/com.st.stm32cube.ide.mcu.externaltools.gnu-tools-for-stm32.12.3.rel1.win32_1.0.200.202406191623/tools/bin/../lib/gcc/arm-none-eabi/12.3.1/../../../../arm-none-eabi/lib/thumb/v7e-m+fp/hard\libc_nano.a(libc_a-findfp.o) (_fwalk_sglue)
C:/ST/STM32CubeIDE_1.16.1/STM32CubeIDE/plugins/com.st.stm32cube.ide.mcu.externaltools.gnu-tools-for-stm32.12.3.rel1.win32_1.0.200.202406191623/tools/bin/../lib/gcc/arm-none-eabi/12.3.1/../../../../arm-none-eabi/lib/thumb/v7e-m+fp/hard\libc_nano.a(libc_a-stdio.o)
                              C:/ST/STM32CubeIDE_1.16.1/STM32CubeIDE/plugins/com.st.stm32cube.ide.mcu.externaltools.gnu-tools-for-stm32.12.3.rel1.win32_1.0.200.202406191623/tools/bin/../lib/gcc/arm-none-eabi/12.3.1/../../../../arm-none-eabi/lib/thumb/v7e-m+fp/hard\libc_nano.a(libc_a-findfp.o) (__sread)
C:/ST/STM32CubeIDE_1.16.1/STM32CubeIDE/plugins/com.st.stm32cube.ide.mcu.externaltools.gnu-tools-for-stm32.12.3.rel1.win32_1.0.200.202406191623/tools/bin/../lib/gcc/arm-none-eabi/12.3.1/../../../../arm-none-eabi/lib/thumb/v7e-m+fp/hard\libc_nano.a(libc_a-vsnprintf.o)
                              ./Core/Src/homework/printf.o (vsnprintf)
C:/ST/STM32CubeIDE_1.16.1/STM32CubeIDE/plugins/com.st.stm32cube.ide.mcu.externaltools.gnu-tools-for-stm32.12.3.rel1.win32_1.0.200.202406191623/tools/bin/../lib/gcc/arm-none-eabi/12.3.1/../../../../arm-none-eabi/lib/thumb/v7e-m+fp/hard\libc_nano.a(libc_a-memset.o)
                              C:/ST/STM32CubeIDE_1.16.1/STM32CubeIDE/plugins/com.st.stm32cube.ide.mcu.externaltools.gnu-tools-for-stm32.12.3.rel1.win32_1.0.200.202406191623/tools/bin/../lib/gcc/arm-none-eabi/12.3.1/../../../../arm-none-eabi/lib/thumb/v7e-m+fp/hard/crt0.o (memset)
C:/ST/STM32CubeIDE_1.16.1/STM32CubeIDE/plugins/com.st.stm32cube.ide.mcu.externaltools.gnu-tools-for-stm32.12.3.rel1.win32_1.0.200.202406191623/tools/bin/../lib/gcc/arm-none-eabi/12.3.1/../../../../arm-none-eabi/lib/thumb/v7e-m+fp/hard\libc_nano.a(libc_a-closer.o)
                              C:/ST/STM32CubeIDE_1.16.1/STM32CubeIDE/plugins/com.st.stm32cube.ide.mcu.externaltools.gnu-tools-for-stm32.12.3.rel1.win32_1.0.200.202406191623/tools/bin/../lib/gcc/arm-none-eabi/12.3.1/../../../../arm-none-eabi/lib/thumb/v7e-m+fp/hard\libc_nano.a(libc_a-stdio.o) (_close_r)
C:/ST/STM32CubeIDE_1.16.1/STM32CubeIDE/plugins/com.st.stm32cube.ide.mcu.externaltools.gnu-tools-for-stm32.12.3.rel1.win32_1.0.200.202406191623/tools/bin/../lib/gcc/arm-none-eabi/12.3.1/../../../../arm-none-eabi/lib/thumb/v7e-m+fp/hard\libc_nano.a(libc_a-reent.o)
                              C:/ST/STM32CubeIDE_1.16.1/STM32CubeIDE/plugins/com.st.stm32cube.ide.mcu.externaltools.gnu-tools-for-stm32.12.3.rel1.win32_1.0.200.202406191623/tools/bin/../lib/gcc/arm-none-eabi/12.3.1/../../../../arm-none-eabi/lib/thumb/v7e-m+fp/hard\libc_nano.a(libc_a-closer.o) (errno)
C:/ST/STM32CubeIDE_1.16.1/STM32CubeIDE/plugins/com.st.stm32cube.ide.mcu.externaltools.gnu-tools-for-stm32.12.3.rel1.win32_1.0.200.202406191623/tools/bin/../lib/gcc/arm-none-eabi/12.3.1/../../../../arm-none-eabi/lib/thumb/v7e-m+fp/hard\libc_nano.a(libc_a-impure.o)
                              C:/ST/STM32CubeIDE_1.16.1/STM32CubeIDE/plugins/com.st.stm32cube.ide.mcu.externaltools.gnu-tools-for-stm32.12.3.rel1.win32_1.0.200.202406191623/tools/bin/../lib/gcc/arm-none-eabi/12.3.1/../../../../arm-none-eabi/lib/thumb/v7e-m+fp/hard\libc_nano.a(libc_a-vsnprintf.o) (_impure_ptr)
[...]
Memory Configuration

Name             Origin             Length             Attributes
RAM              0x20000000         0x00018000         xrw
RAM2             0x10000000         0x00008000         xrw
FLASH            0x08000000         0x00100000         xr
*default*        0x00000000         0xffffffff

Linker script and memory map

LOAD C:/ST/STM32CubeIDE_1.16.1/STM32CubeIDE/plugins/com.st.stm32cube.ide.mcu.externaltools.gnu-tools-for-stm32.12.3.rel1.win32_1.0.200.202406191623/tools/bin/../lib/gcc/arm-none-eabi/12.3.1/thumb/v7e-m+fp/hard/crti.o
LOAD C:/ST/STM32CubeIDE_1.16.1/STM32CubeIDE/plugins/com.st.stm32cube.ide.mcu.externaltools.gnu-tools-for-stm32.12.3.rel1.win32_1.0.200.202406191623/tools/bin/../lib/gcc/arm-none-eabi/12.3.1/thumb/v7e-m+fp/hard/crtbegin.o
LOAD C:/ST/STM32CubeIDE_1.16.1/STM32CubeIDE/plugins/com.st.stm32cube.ide.mcu.externaltools.gnu-tools-for-stm32.12.3.rel1.win32_1.0.200.202406191623/tools/bin/../lib/gcc/arm-none-eabi/12.3.1/../../../../arm-none-eabi/lib/thumb/v7e-m+fp/hard/crt0.o
LOAD ./Core/Src/activites/activity_11.o
LOAD ./Core/Src/activites/activity_12.o
LOAD ./Core/Src/activites/activity_6.o
LOAD ./Core/Src/activites/activity_7.o
LOAD ./Core/Src/activites/activity_8.o
LOAD ./Core/Src/activites/activity_9.o
LOAD ./Core/Src/adc_dac_demo.o
LOAD ./Core/Src/demo.o
LOAD ./Core/Src/main.o
LOAD ./Core/Src/devices/GPIO.o
LOAD ./Core/Src/devices/LED.o
LOAD ./Core/Src/devices/UART.o
LOAD ./Core/Src/devices/adc.o
LOAD ./Core/Src/devices/dac.o
LOAD ./Core/Src/examples/hello_world.o
LOAD ./Core/Src/homework/conversion_1.o
LOAD ./Core/Src/homework/conversion_2.o
LOAD ./Core/Src/homework/homework_4.o
LOAD ./Core/Src/homework/hw6.o
LOAD ./Core/Src/homework/hw8.o
LOAD ./Core/Src/homework/printf.o
LOAD ./Core/Src/project/project_part_1.o
LOAD ./Core/Src/project/project_part_2.o
LOAD ./Core/Src/project/project_part_3.o
LOAD ./Core/Src/project/song.o
LOAD ./Core/Src/project/tone.o
LOAD ./Core/Src/system/SysClock.o
LOAD ./Core/Src/system/error_handler.o
LOAD ./Core/Src/system/stm32l4xx_hal_msp.o
LOAD ./Core/Src/system/stm32l4xx_it.o
LOAD ./Core/Src/system/syscalls.o
LOAD ./Core/Src/system/sysmem.o
LOAD ./Core/Src/system/system_stm32l4xx.o
LOAD ./Core/Src/system/systick.o
LOAD ./Core/Startup/startup_stm32l476rgtx.o
LOAD ./Drivers/STM32L4xx_HAL_Driver/Src/stm32l4xx_hal.o
LOAD ./Drivers/STM32L4xx_HAL_Driver/Src/stm32l4xx_hal_adc.o
LOAD ./Drivers/STM32L4xx_HAL_Driver/Src/stm32l4xx_hal_adc_ex.o
LOAD ./Drivers/STM32L4xx_HAL_Driver/Src/stm32l4xx_hal_cortex.o
LOAD ./Drivers/STM32L4xx_HAL_Driver/Src/stm32l4xx_hal_dac.o
LOAD ./Drivers/STM32L4xx_HAL_Driver/Src/stm32l4xx_hal_dac_ex.o
LOAD ./Drivers/STM32L4xx_HAL_Driver/Src/stm32l4xx_hal_dma.o
LOAD ./Drivers/STM32L4xx_HAL_Driver/Src/stm32l4xx_hal_dma_ex.o
LOAD ./Drivers/STM32L4xx_HAL_Driver/Src/stm32l4xx_hal_exti.o
LOAD ./Drivers/STM32L4xx_HAL_Driver/Src/stm32l4xx_hal_flash.o
LOAD ./Drivers/STM32L4xx_HAL_Driver/Src/stm32l4xx_hal_flash_ex.o
LOAD ./Drivers/STM32L4xx_HAL_Driver/Src/stm32l4xx_hal_flash_ramfunc.o
LOAD ./Drivers/STM32L4xx_HAL_Driver/Src/stm32l4xx_hal_gpio.o
LOAD ./Drivers/STM32L4xx_HAL_Driver/Src/stm32l4xx_hal_i2c.o
LOAD ./Drivers/STM32L4xx_HAL_Driver/Src/stm32l4xx_hal_i2c_ex.o
LOAD ./Drivers/STM32L4xx_HAL_Driver/Src/stm32l4xx_hal_pwr.o
LOAD ./Drivers/STM32L4xx_HAL_Driver/Src/stm32l4xx_hal_pwr_ex.o
LOAD ./Drivers/STM32L4xx_HAL_Driver/Src/stm32l4xx_hal_rcc.o
LOAD ./Drivers/STM32L4xx_HAL_Driver/Src/stm32l4xx_hal_rcc_ex.o
LOAD ./Drivers/STM32L4xx_HAL_Driver/Src/stm32l4xx_hal_tim.o
LOAD ./Drivers/STM32L4xx_HAL_Driver/Src/stm32l4xx_hal_tim_ex.o
LOAD ./Drivers/STM32L4xx_HAL_Driver/Src/stm32l4xx_hal_uart.o
LOAD ./Drivers/STM32L4xx_HAL_Driver/Src/stm32l4xx_hal_uart_ex.o
START GROUP
LOAD C:/ST/STM32CubeIDE_1.16.1/STM32CubeIDE/plugins/com.st.stm32cube.ide.mcu.externaltools.gnu-tools-for-stm32.12.3.rel1.win32_1.0.200.202406191623/tools/bin/../lib/gcc/arm-none-eabi/12.3.1/../../../../arm-none-eabi/lib/thumb/v7e-m+fp/hard\libc_nano.a
LOAD C:/ST/STM32CubeIDE_1.16.1/STM32CubeIDE/plugins/com.st.stm32cube.ide.mcu.externaltools.gnu-tools-for-stm32.12.3.rel1.win32_1.0.200.202406191623/tools/bin/../lib/gcc/arm-none-eabi/12.3.1/../../../../arm-none-eabi/lib/thumb/v7e-m+fp/hard\libm.a
END GROUP
START GROUP
LOAD C:/ST/STM32CubeIDE_1.16.1/STM32CubeIDE/plugins/com.st.stm32cube.ide.mcu.externaltools.gnu-tools-for-stm32.12.3.rel1.win32_1.0.200.202406191623/tools/bin/../lib/gcc/arm-none-eabi/12.3.1/thumb/v7e-m+fp/hard\libgcc.a
LOAD C:/ST/STM32CubeIDE_1.16.1/STM32CubeIDE/plugins/com.st.stm32cube.ide.mcu.externaltools.gnu-tools-for-stm32.12.3.rel1.win32_1.0.200.202406191623/tools/bin/../lib/gcc/arm-none-eabi/12.3.1/../../../../arm-none-eabi/lib/thumb/v7e-m+fp/hard\libc_nano.a
END GROUP
START GROUP
LOAD C:/ST/STM32CubeIDE_1.16.1/STM32CubeIDE/plugins/com.st.stm32cube.ide.mcu.externaltools.gnu-tools-for-stm32.12.3.rel1.win32_1.0.200.202406191623/tools/bin/../lib/gcc/arm-none-eabi/12.3.1/thumb/v7e-m+fp/hard\libgcc.a
LOAD C:/ST/STM32CubeIDE_1.16.1/STM32CubeIDE/plugins/com.st.stm32cube.ide.mcu.externaltools.gnu-tools-for-stm32.12.3.rel1.win32_1.0.200.202406191623/tools/bin/../lib/gcc/arm-none-eabi/12.3.1/../../../../arm-none-eabi/lib/thumb/v7e-m+fp/hard\libc_nano.a
LOAD C:/ST/STM32CubeIDE_1.16.1/STM32CubeIDE/plugins/com.st.stm32cube.ide.mcu.externaltools.gnu-tools-for-stm32.12.3.rel1.win32_1.0.200.202406191623/tools/bin/../lib/gcc/arm-none-eabi/12.3.1/../../../../arm-none-eabi/lib/thumb/v7e-m+fp/hard\libnosys.a
END GROUP
START GROUP
LOAD C:/ST/STM32CubeIDE_1.16.1/STM32CubeIDE/plugins/com.st.stm32cube.ide.mcu.externaltools.gnu-tools-for-stm32.12.3.rel1.win32_1.0.200.202406191623/tools/bin/../lib/gcc/arm-none-eabi/12.3.1/thumb/v7e-m+fp/hard\libgcc.a
LOAD C:/ST/STM32CubeIDE_1.16.1/STM32CubeIDE/plugins/com.st.stm32cube.ide.mcu.externaltools.gnu-tools-for-stm32.12.3.rel1.win32_1.0.200.202406191623/tools/bin/../lib/gcc/arm-none-eabi/12.3.1/../../../../arm-none-eabi/lib/thumb/v7e-m+fp/hard\libc_nano.a
LOAD C:/ST/STM32CubeIDE_1.16.1/STM32CubeIDE/plugins/com.st.stm32cube.ide.mcu.externaltools.gnu-tools-for-stm32.12.3.rel1.win32_1.0.200.202406191623/tools/bin/../lib/gcc/arm-none-eabi/12.3.1/../../../../arm-none-eabi/lib/thumb/v7e-m+fp/hard\libnosys.a
END GROUP
LOAD C:/ST/STM32CubeIDE_1.16.1/STM32CubeIDE/plugins/com.st.stm32cube.ide.mcu.externaltools.gnu-tools-for-stm32.12.3.rel1.win32_1.0.200.202406191623/tools/bin/../lib/gcc/arm-none-eabi/12.3.1/thumb/v7e-m+fp/hard/crtend.o
LOAD C:/ST/STM32CubeIDE_1.16.1/STM32CubeIDE/plugins/com.st.stm32cube.ide.mcu.externaltools.gnu-tools-for-stm32.12.3.rel1.win32_1.0.200.202406191623/tools/bin/../lib/gcc/arm-none-eabi/12.3.1/thumb/v7e-m+fp/hard/crtn.o
                0x20018000                        _estack = (ORIGIN (RAM) + LENGTH (RAM))
                0x00000200                        _Min_Heap_Size = 0x200
                0x00000400                        _Min_Stack_Size = 0x400

.isr_vector     0x08000000      0x188
                0x08000000                        . = ALIGN (0x4)
 *(.isr_vector)
 .isr_vector    0x08000000      0x188 ./Core/Startup/startup_stm32l476rgtx.o
                0x08000000                g_pfnVectors
                0x08000188                        . = ALIGN (0x4)

.text           0x08000190     0x1e10
                0x08000190                        . = ALIGN (0x4)
 *(.text)
 .text          0x08000190       0x40 C:/ST/STM32CubeIDE_1.16.1/STM32CubeIDE/plugins/com.st.stm32cube.ide.mcu.externaltools.gnu-tools-for-stm32.12.3.rel1.win32_1.0.200.202406191623/tools/bin/../lib/gcc/arm-none-eabi/12.3.1/thumb/v7e-m+fp/hard/crtbegin.o
 .text          0x080001d0       0x14 C:/ST/STM32CubeIDE_1.16.1/STM32CubeIDE/plugins/com.st.stm32cube.ide.mcu.externaltools.gnu-tools-for-stm32.12.3.rel1.win32_1.0.200.202406191623/tools/bin/../lib/gcc/arm-none-eabi/12.3.1/../../../../arm-none-eabi/lib/thumb/v7e-m+fp/hard\libc_nano.a(libc_a-strcmp.o)
                0x080001d0                strcmp
 .text          0x080001e4       0x10 C:/ST/STM32CubeIDE_1.16.1/STM32CubeIDE/plugins/com.st.stm32cube.ide.mcu.externaltools.gnu-tools-for-stm32.12.3.rel1.win32_1.0.200.202406191623/tools/bin/../lib/gcc/arm-none-eabi/12.3.1/../../../../arm-none-eabi/lib/thumb/v7e-m+fp/hard\libc_nano.a(libc_a-strlen.o)
                0x080001e4                strlen
 *fill*         0x080001f4        0xc 
 .text          0x08000200       0xa0 C:/ST/STM32CubeIDE_1.16.1/STM32CubeIDE/plugins/com.st.stm32cube.ide.mcu.externaltools.gnu-tools-for-stm32.12.3.rel1.win32_1.0.200.202406191623/tools/bin/../lib/gcc/arm-none-eabi/12.3.1/../../../../arm-none-eabi/lib/thumb/v7e-m+fp/hard\libc_nano.a(libc_a-memchr.o)
                0x08000200                memchr
 *(.text*)
 .text.main     0x080002a0        0xe ./Core/Src/main.o
                0x080002a0                main
 *fill*         0x080002ae        0x2 
 .text.GPIO_Init
                0x080002b0       0xb0 ./Core/Src/devices/GPIO.o
                0x080002b0                GPIO_Init
 .text.EXTI15_10_IRQHandler
                0x08000360       0x38 ./Core/Src/devices/GPIO.o
                0x08000360                EXTI15_10_IRQHandler
 .text.EXTI9_5_IRQHandler
                0x08000398       0xd0 ./Core/Src/devices/GPIO.o
                0x08000398                EXTI9_5_IRQHandler
 .text.LED_Init
                0x08000468       0x80 ./Core/Src/devices/LED.o
                0x08000468                LED_Init
 .text.LED_On   0x080004e8       0x1e ./Core/Src/devices/LED.o
                0x080004e8                LED_On
 .text.LED_Off  0x08000506       0x1e ./Core/Src/devices/LED.o
                0x08000506                LED_Off
 .text.LED_Toggle
                0x08000524       0x1e ./Core/Src/devices/LED.o
                0x08000524                LED_Toggle
 *fill*         0x08000542        0x2 
 .text.UART2_Init
                0x08000544       0x48 ./Core/Src/devices/UART.o
                0x08000544                UART2_Init
 .text.UART2_GPIO_Init
                0x0800058c       0x90 ./Core/Src/devices/UART.o
                0x0800058c                UART2_GPIO_Init
 .text.USART_Init
                0x0800061c      0x10c ./Core/Src/devices/UART.o
                0x0800061c                USART_Init
 .text.USART_Read_Nonblocking
                0x08000728       0x2c ./Core/Src/devices/UART.o
                0x08000728                USART_Read_Nonblocking
 .text.USART_Write
                0x08000754       0x66 ./Core/Src/devices/UART.o
                0x08000754                USART_Write
 *fill*         0x080007ba        0x2 
 .text.USART_Delay
                0x080007bc       0x40 ./Core/Src/devices/UART.o
                0x080007bc                USART_Delay
 .text.custom_printf
                0x080007fc       0x60 ./Core/Src/homework/printf.o
                0x080007fc                custom_printf
 .text.__NVIC_SetPriority
                0x0800085c       0x54 ./Core/Src/project/project_part_3.o
 .text.SysTick_Config
                0x080008b0       0x44 ./Core/Src/project/project_part_3.o
 .text.init_all
                0x080008f4      0x148 ./Core/Src/project/project_part_3.o
                0x080008f4                init_all
 .text.switch_to_remote_mode
                0x08000a3c       0x34 ./Core/Src/project/project_part_3.o
                0x08000a3c                switch_to_remote_mode
 .text.switch_to_local_mode
                0x08000a70       0x34 ./Core/Src/project/project_part_3.o
                0x08000a70                switch_to_local_mode
 .text.display_help
                0x08000aa4       0x50 ./Core/Src/project/project_part_3.o
                0x08000aa4                display_help
 .text.next_help
                0x08000af4       0x50 ./Core/Src/project/project_part_3.o
                0x08000af4                next_help
 .text.display_info
                0x08000b44       0x40 ./Core/Src/project/project_part_3.o
                0x08000b44                display_info
 .text.play_song
                0x08000b84       0x20 ./Core/Src/project/project_part_3.o
                0x08000b84                play_song
 .text.pause_song
                0x08000ba4       0x2c ./Core/Src/project/project_part_3.o
                0x08000ba4                pause_song
 .text.stop_song
                0x08000bd0       0x20 ./Core/Src/project/project_part_3.o
                0x08000bd0                stop_song
 .text.next_song
                0x08000bf0       0x48 ./Core/Src/project/project_part_3.o
                0x08000bf0                next_song
 .text.toggle_flash
                0x08000c38       0x34 ./Core/Src/project/project_part_3.o
                0x08000c38                toggle_flash
 .text.SysTick_Handler
                0x08000c6c       0x2c ./Core/Src/project/project_part_3.o
                0x08000c6c                SysTick_Handler
 .text.process_command
                0x08000c98       0xac ./Core/Src/project/project_part_3.o
                0x08000c98                process_command
 .text.run_loop
                0x08000d44       0xd0 ./Core/Src/project/project_part_3.o
                0x08000d44                run_loop
 .text.run_main
                0x08000e14       0x12 ./Core/Src/project/project_part_3.o
                0x08000e14                run_main
 *fill*         0x08000e26        0x2 
 .text.System_Clock_Init
                0x08000e28      0x1bc ./Core/Src/system/SysClock.o
                0x08000e28                System_Clock_Init
 .text._sbrk    0x08000fe4       0x6c ./Core/Src/system/sysmem.o
                0x08000fe4                _sbrk
 .text.SystemInit
                0x08001050       0x6c ./Core/Src/system/system_stm32l4xx.o
                0x08001050                SystemInit
 .text.Reset_Handler
                0x080010bc       0x50 ./Core/Startup/startup_stm32l476rgtx.o
                0x080010bc                Reset_Handler
 .text.Default_Handler
                0x0800110c        0x2 ./Core/Startup/startup_stm32l476rgtx.o
                0x0800110c                RTC_Alarm_IRQHandler
                0x0800110c                EXTI2_IRQHandler
                0x0800110c                TIM8_TRG_COM_IRQHandler
                0x0800110c                TIM8_CC_IRQHandler
                0x0800110c                DebugMon_Handler
                0x0800110c                TIM1_CC_IRQHandler
                0x0800110c                TSC_IRQHandler
                0x0800110c                HardFault_Handler
                0x0800110c                TAMP_STAMP_IRQHandler
                0x0800110c                PendSV_Handler
                0x0800110c                NMI_Handler
                0x0800110c                EXTI3_IRQHandler
                0x0800110c                LPTIM2_IRQHandler
                0x0800110c                DFSDM1_FLT1_IRQHandler
                0x0800110c                I2C3_ER_IRQHandler
                0x0800110c                DFSDM1_FLT2_IRQHandler
                0x0800110c                EXTI0_IRQHandler
                0x0800110c                I2C2_EV_IRQHandler
                0x0800110c                CAN1_RX0_IRQHandler
                0x0800110c                FPU_IRQHandler
                0x0800110c                TIM1_UP_TIM16_IRQHandler
                0x0800110c                UsageFault_Handler
                0x0800110c                ADC1_2_IRQHandler
                0x0800110c                SPI1_IRQHandler
                0x0800110c                TIM6_DAC_IRQHandler
                0x0800110c                TIM8_UP_IRQHandler
                0x0800110c                DMA2_Channel2_IRQHandler
                0x0800110c                DMA1_Channel4_IRQHandler
                0x0800110c                SAI2_IRQHandler
                0x0800110c                DFSDM1_FLT3_IRQHandler
                0x0800110c                USART3_IRQHandler
                0x0800110c                DMA1_Channel7_IRQHandler
                0x0800110c                CAN1_RX1_IRQHandler
                0x0800110c                LCD_IRQHandler
                0x0800110c                UART5_IRQHandler
                0x0800110c                ADC3_IRQHandler
                0x0800110c                TIM4_IRQHandler
                0x0800110c                DMA2_Channel1_IRQHandler
                0x0800110c                QUADSPI_IRQHandler
                0x0800110c                I2C1_EV_IRQHandler
                0x0800110c                DMA1_Channel6_IRQHandler
                0x0800110c                UART4_IRQHandler
                0x0800110c                DMA2_Channel4_IRQHandler
                0x0800110c                TIM3_IRQHandler
                0x0800110c                RCC_IRQHandler
                0x0800110c                DMA1_Channel1_IRQHandler
                0x0800110c                Default_Handler
                0x0800110c                DMA2_Channel7_IRQHandler
                0x0800110c                TIM7_IRQHandler
                0x0800110c                SDMMC1_IRQHandler
                0x0800110c                TIM5_IRQHandler
                0x0800110c                I2C3_EV_IRQHandler
                0x0800110c                RTC_WKUP_IRQHandler
                0x0800110c                PVD_PVM_IRQHandler
                0x0800110c                SPI2_IRQHandler
                0x0800110c                MemManage_Handler
                0x0800110c                CAN1_TX_IRQHandler
                0x0800110c                SVC_Handler
                0x0800110c                DMA2_Channel5_IRQHandler
                0x0800110c                DMA1_Channel5_IRQHandler
                0x0800110c                EXTI4_IRQHandler
                0x0800110c                RNG_IRQHandler
                0x0800110c                TIM1_TRG_COM_TIM17_IRQHandler
                0x0800110c                DMA1_Channel3_IRQHandler
                0x0800110c                COMP_IRQHandler
                0x0800110c                WWDG_IRQHandler
                0x0800110c                LPUART1_IRQHandler
                0x0800110c                DMA2_Channel6_IRQHandler
                0x0800110c                TIM2_IRQHandler
                0x0800110c                EXTI1_IRQHandler
                0x0800110c                USART2_IRQHandler
                0x0800110c                DFSDM1_FLT0_IRQHandler
                0x0800110c                I2C2_ER_IRQHandler
                0x0800110c                DMA1_Channel2_IRQHandler
                0x0800110c                TIM8_BRK_IRQHandler
                0x0800110c                CAN1_SCE_IRQHandler
                0x0800110c                FLASH_IRQHandler
                0x0800110c                BusFault_Handler
                0x0800110c                USART1_IRQHandler
                0x0800110c                OTG_FS_IRQHandler
                0x0800110c                SPI3_IRQHandler
                0x0800110c                I2C1_ER_IRQHandler
                0x0800110c                FMC_IRQHandler
                0x0800110c                SWPMI1_IRQHandler
                0x0800110c                LPTIM1_IRQHandler
                0x0800110c                SAI1_IRQHandler
                0x0800110c                DMA2_Channel3_IRQHandler
                0x0800110c                TIM1_BRK_TIM15_IRQHandler
 *fill*         0x0800110e        0x2 
 .text.HAL_GetTick
                0x08001110       0x18 ./Drivers/STM32L4xx_HAL_Driver/Src/stm32l4xx_hal.o
                0x08001110                HAL_GetTick
 .text.__NVIC_GetPriorityGrouping
                0x08001128       0x1c ./Drivers/STM32L4xx_HAL_Driver/Src/stm32l4xx_hal_cortex.o
 .text.__NVIC_EnableIRQ
                0x08001144       0x3c ./Drivers/STM32L4xx_HAL_Driver/Src/stm32l4xx_hal_cortex.o
 .text.__NVIC_SetPriority
                0x08001180       0x54 ./Drivers/STM32L4xx_HAL_Driver/Src/stm32l4xx_hal_cortex.o
 .text.NVIC_EncodePriority
                0x080011d4       0x66 ./Drivers/STM32L4xx_HAL_Driver/Src/stm32l4xx_hal_cortex.o
 .text.HAL_NVIC_SetPriority
                0x0800123a       0x38 ./Drivers/STM32L4xx_HAL_Driver/Src/stm32l4xx_hal_cortex.o
                0x0800123a                HAL_NVIC_SetPriority
 .text.HAL_NVIC_EnableIRQ
                0x08001272       0x1c ./Drivers/STM32L4xx_HAL_Driver/Src/stm32l4xx_hal_cortex.o
                0x08001272                HAL_NVIC_EnableIRQ
 *fill*         0x0800128e        0x2 
 .text.HAL_GPIO_Init
                0x08001290      0x354 ./Drivers/STM32L4xx_HAL_Driver/Src/stm32l4xx_hal_gpio.o
                0x08001290                HAL_GPIO_Init
 .text.HAL_GPIO_ReadPin
                0x080015e4       0x30 ./Drivers/STM32L4xx_HAL_Driver/Src/stm32l4xx_hal_gpio.o
                0x080015e4                HAL_GPIO_ReadPin
 .text._vsnprintf_r
                0x08001614       0x56 C:/ST/STM32CubeIDE_1.16.1/STM32CubeIDE/plugins/com.st.stm32cube.ide.mcu.externaltools.gnu-tools-for-stm32.12.3.rel1.win32_1.0.200.202406191623/tools/bin/../lib/gcc/arm-none-eabi/12.3.1/../../../../arm-none-eabi/lib/thumb/v7e-m+fp/hard\libc_nano.a(libc_a-vsnprintf.o)
                0x08001614                _vsniprintf_r
                0x08001614                _vsnprintf_r
 *fill*         0x0800166a        0x2 
 .text.vsnprintf
                0x0800166c       0x1c C:/ST/STM32CubeIDE_1.16.1/STM32CubeIDE/plugins/com.st.stm32cube.ide.mcu.externaltools.gnu-tools-for-stm32.12.3.rel1.win32_1.0.200.202406191623/tools/bin/../lib/gcc/arm-none-eabi/12.3.1/../../../../arm-none-eabi/lib/thumb/v7e-m+fp/hard\libc_nano.a(libc_a-vsnprintf.o)
                0x0800166c                vsniprintf
                0x0800166c                vsnprintf
 .text.memset   0x08001688       0x10 C:/ST/STM32CubeIDE_1.16.1/STM32CubeIDE/plugins/com.st.stm32cube.ide.mcu.externaltools.gnu-tools-for-stm32.12.3.rel1.win32_1.0.200.202406191623/tools/bin/../lib/gcc/arm-none-eabi/12.3.1/../../../../arm-none-eabi/lib/thumb/v7e-m+fp/hard\libc_nano.a(libc_a-memset.o)
                0x08001688                memset
 .text.__errno  0x08001698        0xc C:/ST/STM32CubeIDE_1.16.1/STM32CubeIDE/plugins/com.st.stm32cube.ide.mcu.externaltools.gnu-tools-for-stm32.12.3.rel1.win32_1.0.200.202406191623/tools/bin/../lib/gcc/arm-none-eabi/12.3.1/../../../../arm-none-eabi/lib/thumb/v7e-m+fp/hard\libc_nano.a(libc_a-errno.o)
                0x08001698                __errno
 .text.__libc_init_array
                0x080016a4       0x48 C:/ST/STM32CubeIDE_1.16.1/STM32CubeIDE/plugins/com.st.stm32cube.ide.mcu.externaltools.gnu-tools-for-stm32.12.3.rel1.win32_1.0.200.202406191623/tools/bin/../lib/gcc/arm-none-eabi/12.3.1/../../../../arm-none-eabi/lib/thumb/v7e-m+fp/hard\libc_nano.a(libc_a-init.o)
                0x080016a4                __libc_init_array
 .text.__retarget_lock_acquire_recursive
                0x080016ec        0x2 C:/ST/STM32CubeIDE_1.16.1/STM32CubeIDE/plugins/com.st.stm32cube.ide.mcu.externaltools.gnu-tools-for-stm32.12.3.rel1.win32_1.0.200.202406191623/tools/bin/../lib/gcc/arm-none-eabi/12.3.1/../../../../arm-none-eabi/lib/thumb/v7e-m+fp/hard\libc_nano.a(libc_a-lock.o)
                0x080016ec                __retarget_lock_acquire_recursive
 .text.__retarget_lock_release_recursive
                0x080016ee        0x2 C:/ST/STM32CubeIDE_1.16.1/STM32CubeIDE/plugins/com.st.stm32cube.ide.mcu.externaltools.gnu-tools-for-stm32.12.3.rel1.win32_1.0.200.202406191623/tools/bin/../lib/gcc/arm-none-eabi/12.3.1/../../../../arm-none-eabi/lib/thumb/v7e-m+fp/hard\libc_nano.a(libc_a-lock.o)
                0x080016ee                __retarget_lock_release_recursive
 .text._free_r  0x080016f0       0x94 C:/ST/STM32CubeIDE_1.16.1/STM32CubeIDE/plugins/com.st.stm32cube.ide.mcu.externaltools.gnu-tools-for-stm32.12.3.rel1.win32_1.0.200.202406191623/tools/bin/../lib/gcc/arm-none-eabi/12.3.1/../../../../arm-none-eabi/lib/thumb/v7e-m+fp/hard\libc_nano.a(libc_a-freer.o)
                0x080016f0                _free_r
 .text.sbrk_aligned
                0x08001784       0x44 C:/ST/STM32CubeIDE_1.16.1/STM32CubeIDE/plugins/com.st.stm32cube.ide.mcu.externaltools.gnu-tools-for-stm32.12.3.rel1.win32_1.0.200.202406191623/tools/bin/../lib/gcc/arm-none-eabi/12.3.1/../../../../arm-none-eabi/lib/thumb/v7e-m+fp/hard\libc_nano.a(libc_a-mallocr.o)
 .text._malloc_r
                0x080017c8      0x100 C:/ST/STM32CubeIDE_1.16.1/STM32CubeIDE/plugins/com.st.stm32cube.ide.mcu.externaltools.gnu-tools-for-stm32.12.3.rel1.win32_1.0.200.202406191623/tools/bin/../lib/gcc/arm-none-eabi/12.3.1/../../../../arm-none-eabi/lib/thumb/v7e-m+fp/hard\libc_nano.a(libc_a-mallocr.o)
                0x080017c8                _malloc_r
 .text.__malloc_lock
                0x080018c8        0xc C:/ST/STM32CubeIDE_1.16.1/STM32CubeIDE/plugins/com.st.stm32cube.ide.mcu.externaltools.gnu-tools-for-stm32.12.3.rel1.win32_1.0.200.202406191623/tools/bin/../lib/gcc/arm-none-eabi/12.3.1/../../../../arm-none-eabi/lib/thumb/v7e-m+fp/hard\libc_nano.a(libc_a-mlock.o)
                0x080018c8                __malloc_lock
 .text.__malloc_unlock
                0x080018d4        0xc C:/ST/STM32CubeIDE_1.16.1/STM32CubeIDE/plugins/com.st.stm32cube.ide.mcu.externaltools.gnu-tools-for-stm32.12.3.rel1.win32_1.0.200.202406191623/tools/bin/../lib/gcc/arm-none-eabi/12.3.1/../../../../arm-none-eabi/lib/thumb/v7e-m+fp/hard\libc_nano.a(libc_a-mlock.o)
                0x080018d4                __malloc_unlock
 .text.__ssputs_r
                0x080018e0       0xb6 C:/ST/STM32CubeIDE_1.16.1/STM32CubeIDE/plugins/com.st.stm32cube.ide.mcu.externaltools.gnu-tools-for-stm32.12.3.rel1.win32_1.0.200.202406191623/tools/bin/../lib/gcc/arm-none-eabi/12.3.1/../../../../arm-none-eabi/lib/thumb/v7e-m+fp/hard\libc_nano.a(libc_a-nano-svfprintf.o)
                0x080018e0                __ssputs_r
 *fill*         0x08001996        0x2 
 .text._svfprintf_r
                0x08001998      0x1f8 C:/ST/STM32CubeIDE_1.16.1/STM32CubeIDE/plugins/com.st.stm32cube.ide.mcu.externaltools.gnu-tools-for-stm32.12.3.rel1.win32_1.0.200.202406191623/tools/bin/../lib/gcc/arm-none-eabi/12.3.1/../../../../arm-none-eabi/lib/thumb/v7e-m+fp/hard\libc_nano.a(libc_a-nano-svfprintf.o)
                0x08001998                _svfiprintf_r
                0x08001998                _svfprintf_r
 .text._printf_common
                0x08001b90       0xda C:/ST/STM32CubeIDE_1.16.1/STM32CubeIDE/plugins/com.st.stm32cube.ide.mcu.externaltools.gnu-tools-for-stm32.12.3.rel1.win32_1.0.200.202406191623/tools/bin/../lib/gcc/arm-none-eabi/12.3.1/../../../../arm-none-eabi/lib/thumb/v7e-m+fp/hard\libc_nano.a(libc_a-nano-vfprintf_i.o)
                0x08001b90                _printf_common
 *fill*         0x08001c6a        0x2 
 .text._printf_i
                0x08001c6c      0x240 C:/ST/STM32CubeIDE_1.16.1/STM32CubeIDE/plugins/com.st.stm32cube.ide.mcu.externaltools.gnu-tools-for-stm32.12.3.rel1.win32_1.0.200.202406191623/tools/bin/../lib/gcc/arm-none-eabi/12.3.1/../../../../arm-none-eabi/lib/thumb/v7e-m+fp/hard\libc_nano.a(libc_a-nano-vfprintf_i.o)
                0x08001c6c                _printf_i
 .text.memmove  0x08001eac       0x34 C:/ST/STM32CubeIDE_1.16.1/STM32CubeIDE/plugins/com.st.stm32cube.ide.mcu.externaltools.gnu-tools-for-stm32.12.3.rel1.win32_1.0.200.202406191623/tools/bin/../lib/gcc/arm-none-eabi/12.3.1/../../../../arm-none-eabi/lib/thumb/v7e-m+fp/hard\libc_nano.a(libc_a-memmove.o)
                0x08001eac                memmove
 .text._sbrk_r  0x08001ee0       0x20 C:/ST/STM32CubeIDE_1.16.1/STM32CubeIDE/plugins/com.st.stm32cube.ide.mcu.externaltools.gnu-tools-for-stm32.12.3.rel1.win32_1.0.200.202406191623/tools/bin/../lib/gcc/arm-none-eabi/12.3.1/../../../../arm-none-eabi/lib/thumb/v7e-m+fp/hard\libc_nano.a(libc_a-sbrkr.o)
                0x08001ee0                _sbrk_r
 .text.memcpy   0x08001f00       0x1c C:/ST/STM32CubeIDE_1.16.1/STM32CubeIDE/plugins/com.st.stm32cube.ide.mcu.externaltools.gnu-tools-for-stm32.12.3.rel1.win32_1.0.200.202406191623/tools/bin/../lib/gcc/arm-none-eabi/12.3.1/../../../../arm-none-eabi/lib/thumb/v7e-m+fp/hard\libc_nano.a(libc_a-memcpy-stub.o)
                0x08001f00                memcpy
 .text._realloc_r
                0x08001f1c       0x5c C:/ST/STM32CubeIDE_1.16.1/STM32CubeIDE/plugins/com.st.stm32cube.ide.mcu.externaltools.gnu-tools-for-stm32.12.3.rel1.win32_1.0.200.202406191623/tools/bin/../lib/gcc/arm-none-eabi/12.3.1/../../../../arm-none-eabi/lib/thumb/v7e-m+fp/hard\libc_nano.a(libc_a-reallocr.o)
                0x08001f1c                _realloc_r
 .text._malloc_usable_size_r
                0x08001f78       0x10 C:/ST/STM32CubeIDE_1.16.1/STM32CubeIDE/plugins/com.st.stm32cube.ide.mcu.externaltools.gnu-tools-for-stm32.12.3.rel1.win32_1.0.200.202406191623/tools/bin/../lib/gcc/arm-none-eabi/12.3.1/../../../../arm-none-eabi/lib/thumb/v7e-m+fp/hard\libc_nano.a(libc_a-msizer.o)
                0x08001f78                _malloc_usable_size_r
 *(.glue_7)
 .glue_7        0x08001f88        0x0 linker stubs
 *(.glue_7t)
 .glue_7t       0x08001f88        0x0 linker stubs
 *(.eh_frame)
 .eh_frame      0x08001f88        0x0 C:/ST/STM32CubeIDE_1.16.1/STM32CubeIDE/plugins/com.st.stm32cube.ide.mcu.externaltools.gnu-tools-for-stm32.12.3.rel1.win32_1.0.200.202406191623/tools/bin/../lib/gcc/arm-none-eabi/12.3.1/thumb/v7e-m+fp/hard/crtbegin.o
 *(.init)
 .init          0x08001f88        0x4 C:/ST/STM32CubeIDE_1.16.1/STM32CubeIDE/plugins/com.st.stm32cube.ide.mcu.externaltools.gnu-tools-for-stm32.12.3.rel1.win32_1.0.200.202406191623/tools/bin/../lib/gcc/arm-none-eabi/12.3.1/thumb/v7e-m+fp/hard/crti.o
                0x08001f88                _init
 .init          0x08001f8c        0x8 C:/ST/STM32CubeIDE_1.16.1/STM32CubeIDE/plugins/com.st.stm32cube.ide.mcu.externaltools.gnu-tools-for-stm32.12.3.rel1.win32_1.0.200.202406191623/tools/bin/../lib/gcc/arm-none-eabi/12.3.1/thumb/v7e-m+fp/hard/crtn.o
 *(.fini)
 .fini          0x08001f94        0x4 C:/ST/STM32CubeIDE_1.16.1/STM32CubeIDE/plugins/com.st.stm32cube.ide.mcu.externaltools.gnu-tools-for-stm32.12.3.rel1.win32_1.0.200.202406191623/tools/bin/../lib/gcc/arm-none-eabi/12.3.1/thumb/v7e-m+fp/hard/crti.o
                0x08001f94                _fini
 .fini          0x08001f98        0x8 C:/ST/STM32CubeIDE_1.16.1/STM32CubeIDE/plugins/com.st.stm32cube.ide.mcu.externaltools.gnu-tools-for-stm32.12.3.rel1.win32_1.0.200.202406191623/tools/bin/../lib/gcc/arm-none-eabi/12.3.1/thumb/v7e-m+fp/hard/crtn.o
                0x08001fa0                        . = ALIGN (0x4)
                0x08001fa0                        _etext = .

.vfp11_veneer   0x08001fa0        0x0
 .vfp11_veneer  0x08001fa0        0x0 linker stubs

.v4_bx          0x08001fa0        0x0
 .v4_bx         0x08001fa0        0x0 linker stubs

.iplt           0x08001fa0        0x0
 .iplt          0x08001fa0        0x0 C:/ST/STM32CubeIDE_1.16.1/STM32CubeIDE/plugins/com.st.stm32cube.ide.mcu.externaltools.gnu-tools-for-stm32.12.3.rel1.win32_1.0.200.202406191623/tools/bin/../lib/gcc/arm-none-eabi/12.3.1/thumb/v7e-m+fp/hard/crtbegin.o

.rodata         0x08001fa0      0x360
                0x08001fa0                        . = ALIGN (0x4)
 *(.rodata)
 .rodata        0x08001fa0        0x7 ./Core/Src/devices/GPIO.o
 *fill*         0x08001fa7        0x1 
 .rodata        0x08001fa8      0x323 ./Core/Src/project/project_part_3.o
 *(.rodata*)
 .rodata._svfprintf_r.str1.1
                0x080022cb       0x11 C:/ST/STM32CubeIDE_1.16.1/STM32CubeIDE/plugins/com.st.stm32cube.ide.mcu.externaltools.gnu-tools-for-stm32.12.3.rel1.win32_1.0.200.202406191623/tools/bin/../lib/gcc/arm-none-eabi/12.3.1/../../../../arm-none-eabi/lib/thumb/v7e-m+fp/hard\libc_nano.a(libc_a-nano-svfprintf.o)
 .rodata._printf_i.str1.1
                0x080022dc       0x22 C:/ST/STM32CubeIDE_1.16.1/STM32CubeIDE/plugins/com.st.stm32cube.ide.mcu.externaltools.gnu-tools-for-stm32.12.3.rel1.win32_1.0.200.202406191623/tools/bin/../lib/gcc/arm-none-eabi/12.3.1/../../../../arm-none-eabi/lib/thumb/v7e-m+fp/hard\libc_nano.a(libc_a-nano-vfprintf_i.o)
                0x08002300                        . = ALIGN (0x4)
 *fill*         0x080022fe        0x2 

.ARM.extab      0x08002300        0x0
                0x08002300                        . = ALIGN (0x4)
 *(.ARM.extab* .gnu.linkonce.armextab.*)
                0x08002300                        . = ALIGN (0x4)

.ARM            0x08002300        0x8
                0x08002300                        . = ALIGN (0x4)
                0x08002300                        __exidx_start = .
 *(.ARM.exidx*)
 .ARM.exidx     0x08002300        0x8 C:/ST/STM32CubeIDE_1.16.1/STM32CubeIDE/plugins/com.st.stm32cube.ide.mcu.externaltools.gnu-tools-for-stm32.12.3.rel1.win32_1.0.200.202406191623/tools/bin/../lib/gcc/arm-none-eabi/12.3.1/../../../../arm-none-eabi/lib/thumb/v7e-m+fp/hard\libc_nano.a(libc_a-strcmp.o)
 .ARM.exidx     0x08002308        0x0 C:/ST/STM32CubeIDE_1.16.1/STM32CubeIDE/plugins/com.st.stm32cube.ide.mcu.externaltools.gnu-tools-for-stm32.12.3.rel1.win32_1.0.200.202406191623/tools/bin/../lib/gcc/arm-none-eabi/12.3.1/../../../../arm-none-eabi/lib/thumb/v7e-m+fp/hard\libc_nano.a(libc_a-strlen.o)
                                  0x8 (size before relaxing)
 .ARM.exidx     0x08002308        0x0 C:/ST/STM32CubeIDE_1.16.1/STM32CubeIDE/plugins/com.st.stm32cube.ide.mcu.externaltools.gnu-tools-for-stm32.12.3.rel1.win32_1.0.200.202406191623/tools/bin/../lib/gcc/arm-none-eabi/12.3.1/../../../../arm-none-eabi/lib/thumb/v7e-m+fp/hard\libc_nano.a(libc_a-memchr.o)
                                  0x8 (size before relaxing)
                0x08002308                        __exidx_end = .
                0x08002308                        . = ALIGN (0x4)

.preinit_array  0x08002308        0x0
                0x08002308                        . = ALIGN (0x4)
                0x08002308                        PROVIDE (__preinit_array_start = .)
 *(.preinit_array*)
                0x08002308                        PROVIDE (__preinit_array_end = .)
                0x08002308                        . = ALIGN (0x4)

.init_array     0x08002308        0x4
                0x08002308                        . = ALIGN (0x4)
                0x08002308                        PROVIDE (__init_array_start = .)
 *(SORT_BY_NAME(.init_array.*))
 *(.init_array*)
 .init_array    0x08002308        0x4 C:/ST/STM32CubeIDE_1.16.1/STM32CubeIDE/plugins/com.st.stm32cube.ide.mcu.externaltools.gnu-tools-for-stm32.12.3.rel1.win32_1.0.200.202406191623/tools/bin/../lib/gcc/arm-none-eabi/12.3.1/thumb/v7e-m+fp/hard/crtbegin.o
                0x0800230c                        PROVIDE (__init_array_end = .)
                0x0800230c                        . = ALIGN (0x4)

.fini_array     0x0800230c        0x4
                0x0800230c                        . = ALIGN (0x4)
                [!provide]                        PROVIDE (__fini_array_start = .)
 *(SORT_BY_NAME(.fini_array.*))
 *(.fini_array*)
 .fini_array    0x0800230c        0x4 C:/ST/STM32CubeIDE_1.16.1/STM32CubeIDE/plugins/com.st.stm32cube.ide.mcu.externaltools.gnu-tools-for-stm32.12.3.rel1.win32_1.0.200.202406191623/tools/bin/../lib/gcc/arm-none-eabi/12.3.1/thumb/v7e-m+fp/hard/crtbegin.o
                [!provide]                        PROVIDE (__fini_array_end = .)
                0x08002310                        . = ALIGN (0x4)
                0x08002310                        _sidata = LOADADDR (.data)

.rel.dyn        0x08002310        0x0
 .rel.iplt      0x08002310        0x0 C:/ST/STM32CubeIDE_1.16.1/STM32CubeIDE/plugins/com.st.stm32cube.ide.mcu.externaltools.gnu-tools-for-stm32.12.3.rel1.win32_1.0.200.202406191623/tools/bin/../lib/gcc/arm-none-eabi/12.3.1/thumb/v7e-m+fp/hard/crtbegin.o

.data           0x20000000       0x5c load address 0x08002310
                0x20000000                        . = ALIGN (0x4)
                0x20000000                        _sdata = .
 *(.data)
 *(.data*)
 .data.current_song_index
                0x20000000        0x4 ./Core/Src/project/project_part_3.o
                0x20000000                current_song_index
 .data.is_remote_mode
                0x20000004        0x4 ./Core/Src/project/project_part_3.o
                0x20000004                is_remote_mode
 .data.SystemCoreClock
                0x20000008        0x4 ./Core/Src/system/system_stm32l4xx.o
                0x20000008                SystemCoreClock
 .data._impure_ptr
                0x2000000c        0x4 C:/ST/STM32CubeIDE_1.16.1/STM32CubeIDE/plugins/com.st.stm32cube.ide.mcu.externaltools.gnu-tools-for-stm32.12.3.rel1.win32_1.0.200.202406191623/tools/bin/../lib/gcc/arm-none-eabi/12.3.1/../../../../arm-none-eabi/lib/thumb/v7e-m+fp/hard\libc_nano.a(libc_a-impure.o)
                0x2000000c                _impure_ptr
 .data._impure_data
                0x20000010       0x4c C:/ST/STM32CubeIDE_1.16.1/STM32CubeIDE/plugins/com.st.stm32cube.ide.mcu.externaltools.gnu-tools-for-stm32.12.3.rel1.win32_1.0.200.202406191623/tools/bin/../lib/gcc/arm-none-eabi/12.3.1/../../../../arm-none-eabi/lib/thumb/v7e-m+fp/hard\libc_nano.a(libc_a-impure.o)
                0x20000010                _impure_data
 *(.RamFunc)
 *(.RamFunc*)
                0x2000005c                        . = ALIGN (0x4)
                0x2000005c                        _edata = .

.igot.plt       0x2000005c        0x0 load address 0x0800236c
 .igot.plt      0x2000005c        0x0 C:/ST/STM32CubeIDE_1.16.1/STM32CubeIDE/plugins/com.st.stm32cube.ide.mcu.externaltools.gnu-tools-for-stm32.12.3.rel1.win32_1.0.200.202406191623/tools/bin/../lib/gcc/arm-none-eabi/12.3.1/thumb/v7e-m+fp/hard/crtbegin.o
                0x2000005c                        . = ALIGN (0x4)

.bss            0x2000005c      0x38c load address 0x0800236c
                0x2000005c                        _sbss = .
                0x2000005c                        __bss_start__ = _sbss
 *(.bss)
 .bss           0x2000005c       0x1c C:/ST/STM32CubeIDE_1.16.1/STM32CubeIDE/plugins/com.st.stm32cube.ide.mcu.externaltools.gnu-tools-for-stm32.12.3.rel1.win32_1.0.200.202406191623/tools/bin/../lib/gcc/arm-none-eabi/12.3.1/thumb/v7e-m+fp/hard/crtbegin.o
 *(.bss*)
 .bss.last_press_time.1
                0x20000078        0x4 ./Core/Src/devices/GPIO.o
 .bss.press_count.0
                0x2000007c        0x1 ./Core/Src/devices/GPIO.o
 *fill*         0x2000007d        0x3 
 .bss.song_list
                0x20000080      0x208 ./Core/Src/project/project_part_3.o
                0x20000080                song_list
 .bss.led_state
                0x20000288        0x4 ./Core/Src/project/project_part_3.o
                0x20000288                led_state
 .bss.flash_counter
                0x2000028c        0x4 ./Core/Src/project/project_part_3.o
                0x2000028c                flash_counter
 .bss.is_local_mode
                0x20000290        0x4 ./Core/Src/project/project_part_3.o
                0x20000290                is_local_mode
 .bss.ms_count.0
                0x20000294        0x4 ./Core/Src/project/project_part_3.o
 .bss.__sbrk_heap_end
                0x20000298        0x4 ./Core/Src/system/sysmem.o
 .bss.uwTick    0x2000029c        0x4 ./Drivers/STM32L4xx_HAL_Driver/Src/stm32l4xx_hal.o
                0x2000029c                uwTick
 .bss.__sf      0x200002a0      0x138 C:/ST/STM32CubeIDE_1.16.1/STM32CubeIDE/plugins/com.st.stm32cube.ide.mcu.externaltools.gnu-tools-for-stm32.12.3.rel1.win32_1.0.200.202406191623/tools/bin/../lib/gcc/arm-none-eabi/12.3.1/../../../../arm-none-eabi/lib/thumb/v7e-m+fp/hard\libc_nano.a(libc_a-findfp.o)
                0x200002a0                __sf
 .bss.errno     0x200003d8        0x4 C:/ST/STM32CubeIDE_1.16.1/STM32CubeIDE/plugins/com.st.stm32cube.ide.mcu.externaltools.gnu-tools-for-stm32.12.3.rel1.win32_1.0.200.202406191623/tools/bin/../lib/gcc/arm-none-eabi/12.3.1/../../../../arm-none-eabi/lib/thumb/v7e-m+fp/hard\libc_nano.a(libc_a-reent.o)
                0x200003d8                errno
 .bss.__lock___malloc_recursive_mutex
                0x200003dc        0x1 C:/ST/STM32CubeIDE_1.16.1/STM32CubeIDE/plugins/com.st.stm32cube.ide.mcu.externaltools.gnu-tools-for-stm32.12.3.rel1.win32_1.0.200.202406191623/tools/bin/../lib/gcc/arm-none-eabi/12.3.1/../../../../arm-none-eabi/lib/thumb/v7e-m+fp/hard\libc_nano.a(libc_a-lock.o)
                0x200003dc                __lock___malloc_recursive_mutex
 *fill*         0x200003dd        0x3 
 .bss.__malloc_sbrk_start
                0x200003e0        0x4 C:/ST/STM32CubeIDE_1.16.1/STM32CubeIDE/plugins/com.st.stm32cube.ide.mcu.externaltools.gnu-tools-for-stm32.12.3.rel1.win32_1.0.200.202406191623/tools/bin/../lib/gcc/arm-none-eabi/12.3.1/../../../../arm-none-eabi/lib/thumb/v7e-m+fp/hard\libc_nano.a(libc_a-mallocr.o)
                0x200003e0                __malloc_sbrk_start
 .bss.__malloc_free_list
                0x200003e4        0x4 C:/ST/STM32CubeIDE_1.16.1/STM32CubeIDE/plugins/com.st.stm32cube.ide.mcu.externaltools.gnu-tools-for-stm32.12.3.rel1.win32_1.0.200.202406191623/tools/bin/../lib/gcc/arm-none-eabi/12.3.1/../../../../arm-none-eabi/lib/thumb/v7e-m+fp/hard\libc_nano.a(libc_a-mallocr.o)
                0x200003e4                __malloc_free_list
 *(COMMON)
                0x200003e8                        . = ALIGN (0x4)
                0x200003e8                        _ebss = .
                0x200003e8                        __bss_end__ = _ebss

._user_heap_stack
                0x200003e8      0x600 load address 0x0800236c
                0x200003e8                        . = ALIGN (0x8)
                [!provide]                        PROVIDE (end = .)
                0x200003e8                        PROVIDE (_end = .)
                0x200005e8                        . = (. + _Min_Heap_Size)
 *fill*         0x200003e8      0x200 
                0x200009e8                        . = (. + _Min_Stack_Size)
 *fill*         0x200005e8      0x400 
                0x200009e8                        . = ALIGN (0x8)

/DISCARD/
 libc.a(*)
 libm.a(*)
 libgcc.a(*)

.ARM.attributes
                0x00000000       0x30
 *(.ARM.attributes)
 .ARM.attributes
                0x00000000       0x22 C:/ST/STM32CubeIDE_1.16.1/STM32CubeIDE/plugins/com.st.stm32cube.ide.mcu.externaltools.gnu-tools-for-stm32.12.3.rel1.win32_1.0.200.202406191623/tools/bin/../lib/gcc/arm-none-eabi/12.3.1/thumb/v7e-m+fp/hard/crti.o
 .ARM.attributes
                0x00000022       0x34 C:/ST/STM32CubeIDE_1.16.1/STM32CubeIDE/plugins/com.st.stm32cube.ide.mcu.externaltools.gnu-tools-for-stm32.12.3.rel1.win32_1.0.200.202406191623/tools/bin/../lib/gcc/arm-none-eabi/12.3.1/thumb/v7e-m+fp/hard/crtbegin.o
 .ARM.attributes
                0x00000056       0x34 ./Core/Src/main.o
 .ARM.attributes
                0x0000008a       0x34 ./Core/Src/devices/GPIO.o
 .ARM.attributes
                0x000000be       0x34 ./Core/Src/devices/LED.o
 .ARM.attributes
                0x000000f2       0x34 ./Core/Src/devices/UART.o
 .ARM.attributes
                0x00000126       0x34 ./Core/Src/homework/printf.o
 .ARM.attributes
                0x0000015a       0x34 ./Core/Src/project/project_part_3.o
 .ARM.attributes
                0x0000018e       0x34 ./Core/Src/system/SysClock.o
 .ARM.attributes
                0x000001c2       0x34 ./Core/Src/system/sysmem.o
 .ARM.attributes
                0x000001f6       0x34 ./Core/Src/system/system_stm32l4xx.o
 .ARM.attributes
                0x0000022a       0x21 ./Core/Startup/startup_stm32l476rgtx.o
 .ARM.attributes
                0x0000024b       0x34 ./Drivers/STM32L4xx_HAL_Driver/Src/stm32l4xx_hal.o
 .ARM.attributes
                0x0000027f       0x34 ./Drivers/STM32L4xx_HAL_Driver/Src/stm32l4xx_hal_cortex.o
 .ARM.attributes
                0x000002b3       0x34 ./Drivers/STM32L4xx_HAL_Driver/Src/stm32l4xx_hal_gpio.o
 .ARM.attributes
                0x000002e7       0x34 C:/ST/STM32CubeIDE_1.16.1/STM32CubeIDE/plugins/com.st.stm32cube.ide.mcu.externaltools.gnu-tools-for-stm32.12.3.rel1.win32_1.0.200.202406191623/tools/bin/../lib/gcc/arm-none-eabi/12.3.1/../../../../arm-none-eabi/lib/thumb/v7e-m+fp/hard\libc_nano.a(libc_a-findfp.o)
 .ARM.attributes
                0x0000031b       0x34 C:/ST/STM32CubeIDE_1.16.1/STM32CubeIDE/plugins/com.st.stm32cube.ide.mcu.externaltools.gnu-tools-for-stm32.12.3.rel1.win32_1.0.200.202406191623/tools/bin/../lib/gcc/arm-none-eabi/12.3.1/../../../../arm-none-eabi/lib/thumb/v7e-m+fp/hard\libc_nano.a(libc_a-vsnprintf.o)
 .ARM.attributes
                0x0000034f       0x34 C:/ST/STM32CubeIDE_1.16.1/STM32CubeIDE/plugins/com.st.stm32cube.ide.mcu.externaltools.gnu-tools-for-stm32.12.3.rel1.win32_1.0.200.202406191623/tools/bin/../lib/gcc/arm-none-eabi/12.3.1/../../../../arm-none-eabi/lib/thumb/v7e-m+fp/hard\libc_nano.a(libc_a-memset.o)
 .ARM.attributes
                0x00000383       0x34 C:/ST/STM32CubeIDE_1.16.1/STM32CubeIDE/plugins/com.st.stm32cube.ide.mcu.externaltools.gnu-tools-for-stm32.12.3.rel1.win32_1.0.200.202406191623/tools/bin/../lib/gcc/arm-none-eabi/12.3.1/../../../../arm-none-eabi/lib/thumb/v7e-m+fp/hard\libc_nano.a(libc_a-reent.o)
 .ARM.attributes
                0x000003b7       0x34 C:/ST/STM32CubeIDE_1.16.1/STM32CubeIDE/plugins/com.st.stm32cube.ide.mcu.externaltools.gnu-tools-for-stm32.12.3.rel1.win32_1.0.200.202406191623/tools/bin/../lib/gcc/arm-none-eabi/12.3.1/../../../../arm-none-eabi/lib/thumb/v7e-m+fp/hard\libc_nano.a(libc_a-impure.o)
 .ARM.attributes
                0x000003eb       0x34 C:/ST/STM32CubeIDE_1.16.1/STM32CubeIDE/plugins/com.st.stm32cube.ide.mcu.externaltools.gnu-tools-for-stm32.12.3.rel1.win32_1.0.200.202406191623/tools/bin/../lib/gcc/arm-none-eabi/12.3.1/../../../../arm-none-eabi/lib/thumb/v7e-m+fp/hard\libc_nano.a(libc_a-errno.o)
 .ARM.attributes
                0x0000041f       0x34 C:/ST/STM32CubeIDE_1.16.1/STM32CubeIDE/plugins/com.st.stm32cube.ide.mcu.externaltools.gnu-tools-for-stm32.12.3.rel1.win32_1.0.200.202406191623/tools/bin/../lib/gcc/arm-none-eabi/12.3.1/../../../../arm-none-eabi/lib/thumb/v7e-m+fp/hard\libc_nano.a(libc_a-init.o)
 .ARM.attributes
                0x00000453       0x34 C:/ST/STM32CubeIDE_1.16.1/STM32CubeIDE/plugins/com.st.stm32cube.ide.mcu.externaltools.gnu-tools-for-stm32.12.3.rel1.win32_1.0.200.202406191623/tools/bin/../lib/gcc/arm-none-eabi/12.3.1/../../../../arm-none-eabi/lib/thumb/v7e-m+fp/hard\libc_nano.a(libc_a-lock.o)
 .ARM.attributes
                0x00000487       0x20 C:/ST/STM32CubeIDE_1.16.1/STM32CubeIDE/plugins/com.st.stm32cube.ide.mcu.externaltools.gnu-tools-for-stm32.12.3.rel1.win32_1.0.200.202406191623/tools/bin/../lib/gcc/arm-none-eabi/12.3.1/../../../../arm-none-eabi/lib/thumb/v7e-m+fp/hard\libc_nano.a(libc_a-strcmp.o)
 .ARM.attributes
                0x000004a7       0x17 C:/ST/STM32CubeIDE_1.16.1/STM32CubeIDE/plugins/com.st.stm32cube.ide.mcu.externaltools.gnu-tools-for-stm32.12.3.rel1.win32_1.0.200.202406191623/tools/bin/../lib/gcc/arm-none-eabi/12.3.1/../../../../arm-none-eabi/lib/thumb/v7e-m+fp/hard\libc_nano.a(libc_a-strlen.o)
 .ARM.attributes
                0x000004be       0x34 C:/ST/STM32CubeIDE_1.16.1/STM32CubeIDE/plugins/com.st.stm32cube.ide.mcu.externaltools.gnu-tools-for-stm32.12.3.rel1.win32_1.0.200.202406191623/tools/bin/../lib/gcc/arm-none-eabi/12.3.1/../../../../arm-none-eabi/lib/thumb/v7e-m+fp/hard\libc_nano.a(libc_a-freer.o)
 .ARM.attributes
                0x000004f2       0x34 C:/ST/STM32CubeIDE_1.16.1/STM32CubeIDE/plugins/com.st.stm32cube.ide.mcu.externaltools.gnu-tools-for-stm32.12.3.rel1.win32_1.0.200.202406191623/tools/bin/../lib/gcc/arm-none-eabi/12.3.1/../../../../arm-none-eabi/lib/thumb/v7e-m+fp/hard\libc_nano.a(libc_a-mallocr.o)
 .ARM.attributes
                0x00000526       0x34 C:/ST/STM32CubeIDE_1.16.1/STM32CubeIDE/plugins/com.st.stm32cube.ide.mcu.externaltools.gnu-tools-for-stm32.12.3.rel1.win32_1.0.200.202406191623/tools/bin/../lib/gcc/arm-none-eabi/12.3.1/../../../../arm-none-eabi/lib/thumb/v7e-m+fp/hard\libc_nano.a(libc_a-mlock.o)
 .ARM.attributes
                0x0000055a       0x34 C:/ST/STM32CubeIDE_1.16.1/STM32CubeIDE/plugins/com.st.stm32cube.ide.mcu.externaltools.gnu-tools-for-stm32.12.3.rel1.win32_1.0.200.202406191623/tools/bin/../lib/gcc/arm-none-eabi/12.3.1/../../../../arm-none-eabi/lib/thumb/v7e-m+fp/hard\libc_nano.a(libc_a-nano-svfprintf.o)
 .ARM.attributes
                0x0000058e       0x34 C:/ST/STM32CubeIDE_1.16.1/STM32CubeIDE/plugins/com.st.stm32cube.ide.mcu.externaltools.gnu-tools-for-stm32.12.3.rel1.win32_1.0.200.202406191623/tools/bin/../lib/gcc/arm-none-eabi/12.3.1/../../../../arm-none-eabi/lib/thumb/v7e-m+fp/hard\libc_nano.a(libc_a-nano-vfprintf_i.o)
 .ARM.attributes
                0x000005c2       0x34 C:/ST/STM32CubeIDE_1.16.1/STM32CubeIDE/plugins/com.st.stm32cube.ide.mcu.externaltools.gnu-tools-for-stm32.12.3.rel1.win32_1.0.200.202406191623/tools/bin/../lib/gcc/arm-none-eabi/12.3.1/../../../../arm-none-eabi/lib/thumb/v7e-m+fp/hard\libc_nano.a(libc_a-memmove.o)
 .ARM.attributes
                0x000005f6       0x34 C:/ST/STM32CubeIDE_1.16.1/STM32CubeIDE/plugins/com.st.stm32cube.ide.mcu.externaltools.gnu-tools-for-stm32.12.3.rel1.win32_1.0.200.202406191623/tools/bin/../lib/gcc/arm-none-eabi/12.3.1/../../../../arm-none-eabi/lib/thumb/v7e-m+fp/hard\libc_nano.a(libc_a-sbrkr.o)
 .ARM.attributes
                0x0000062a       0x1c C:/ST/STM32CubeIDE_1.16.1/STM32CubeIDE/plugins/com.st.stm32cube.ide.mcu.externaltools.gnu-tools-for-stm32.12.3.rel1.win32_1.0.200.202406191623/tools/bin/../lib/gcc/arm-none-eabi/12.3.1/../../../../arm-none-eabi/lib/thumb/v7e-m+fp/hard\libc_nano.a(libc_a-memchr.o)
 .ARM.attributes
                0x00000646       0x34 C:/ST/STM32CubeIDE_1.16.1/STM32CubeIDE/plugins/com.st.stm32cube.ide.mcu.externaltools.gnu-tools-for-stm32.12.3.rel1.win32_1.0.200.202406191623/tools/bin/../lib/gcc/arm-none-eabi/12.3.1/../../../../arm-none-eabi/lib/thumb/v7e-m+fp/hard\libc_nano.a(libc_a-memcpy-stub.o)
 .ARM.attributes
                0x0000067a       0x34 C:/ST/STM32CubeIDE_1.16.1/STM32CubeIDE/plugins/com.st.stm32cube.ide.mcu.externaltools.gnu-tools-for-stm32.12.3.rel1.win32_1.0.200.202406191623/tools/bin/../lib/gcc/arm-none-eabi/12.3.1/../../../../arm-none-eabi/lib/thumb/v7e-m+fp/hard\libc_nano.a(libc_a-reallocr.o)
 .ARM.attributes
                0x000006ae       0x34 C:/ST/STM32CubeIDE_1.16.1/STM32CubeIDE/plugins/com.st.stm32cube.ide.mcu.externaltools.gnu-tools-for-stm32.12.3.rel1.win32_1.0.200.202406191623/tools/bin/../lib/gcc/arm-none-eabi/12.3.1/../../../../arm-none-eabi/lib/thumb/v7e-m+fp/hard\libc_nano.a(libc_a-msizer.o)
 .ARM.attributes
                0x000006e2       0x22 C:/ST/STM32CubeIDE_1.16.1/STM32CubeIDE/plugins/com.st.stm32cube.ide.mcu.externaltools.gnu-tools-for-stm32.12.3.rel1.win32_1.0.200.202406191623/tools/bin/../lib/gcc/arm-none-eabi/12.3.1/thumb/v7e-m+fp/hard/crtn.o
OUTPUT(SWEN-340.elf elf32-littlearm)
LOAD linker stubs
LOAD C:/ST/STM32CubeIDE_1.16.1/STM32CubeIDE/plugins/com.st.stm32cube.ide.mcu.externaltools.gnu-tools-for-stm32.12.3.rel1.win32_1.0.200.202406191623/tools/bin/../lib/gcc/arm-none-eabi/12.3.1/../../../../arm-none-eabi/lib/thumb/v7e-m+fp/hard\libc.a
LOAD C:/ST/STM32CubeIDE_1.16.1/STM32CubeIDE/plugins/com.st.stm32cube.ide.mcu.externaltools.gnu-tools-for-stm32.12.3.rel1.win32_1.0.200.202406191623/tools/bin/../lib/gcc/arm-none-eabi/12.3.1/../../../../arm-none-eabi/lib/thumb/v7e-m+fp/hard\libm.a
LOAD C:/ST/STM32CubeIDE_1.16.1/STM32CubeIDE/plugins/com.st.stm32cube.ide.mcu.externaltools.gnu-tools-for-stm32.12.3.rel1.win32_1.0.200.202406191623/tools/bin/../lib/gcc/arm-none-eabi/12.3.1/thumb/v7e-m+fp/hard\libgcc.a

.debug_info     0x00000000     0x49e1
 .debug_info    0x00000000       0x68 ./Core/Src/main.o
 .debug_info    0x00000068      0x88a ./Core/Src/devices/GPIO.o
 .debug_info    0x000008f2      0x356 ./Core/Src/devices/LED.o
 .debug_info    0x00000c48      0x5a7 ./Core/Src/devices/UART.o
 .debug_info    0x000011ef      0x2a3 ./Core/Src/homework/printf.o
 .debug_info    0x00001492      0xaa3 ./Core/Src/project/project_part_3.o
 .debug_info    0x00001f35      0x385 ./Core/Src/system/SysClock.o
 .debug_info    0x000022ba      0x168 ./Core/Src/system/sysmem.o
 .debug_info    0x00002422      0x5cc ./Core/Src/system/system_stm32l4xx.o
 .debug_info    0x000029ee       0x30 ./Core/Startup/startup_stm32l476rgtx.o
 .debug_info    0x00002a1e      0xaeb ./Drivers/STM32L4xx_HAL_Driver/Src/stm32l4xx_hal.o
 .debug_info    0x00003509      0xd81 ./Drivers/STM32L4xx_HAL_Driver/Src/stm32l4xx_hal_cortex.o
 .debug_info    0x0000428a      0x757 ./Drivers/STM32L4xx_HAL_Driver/Src/stm32l4xx_hal_gpio.o

.debug_abbrev   0x00000000     0x12ab
 .debug_abbrev  0x00000000       0x61 ./Core/Src/main.o
 .debug_abbrev  0x00000061      0x20f ./Core/Src/devices/GPIO.o
 .debug_abbrev  0x00000270       0xb7 ./Core/Src/devices/LED.o
 .debug_abbrev  0x00000327      0x173 ./Core/Src/devices/UART.o
 .debug_abbrev  0x0000049a      0x156 ./Core/Src/homework/printf.o
 .debug_abbrev  0x000005f0      0x2ad ./Core/Src/project/project_part_3.o
 .debug_abbrev  0x0000089d       0xc6 ./Core/Src/system/SysClock.o
 .debug_abbrev  0x00000963       0xbc ./Core/Src/system/sysmem.o
 .debug_abbrev  0x00000a1f      0x13f ./Core/Src/system/system_stm32l4xx.o
 .debug_abbrev  0x00000b5e       0x24 ./Core/Startup/startup_stm32l476rgtx.o
 .debug_abbrev  0x00000b82      0x242 ./Drivers/STM32L4xx_HAL_Driver/Src/stm32l4xx_hal.o
 .debug_abbrev  0x00000dc4      0x31c ./Drivers/STM32L4xx_HAL_Driver/Src/stm32l4xx_hal_cortex.o
 .debug_abbrev  0x000010e0      0x1cb ./Drivers/STM32L4xx_HAL_Driver/Src/stm32l4xx_hal_gpio.o

.debug_aranges  0x00000000      0x4e0
 .debug_aranges
                0x00000000       0x20 ./Core/Src/main.o
 .debug_aranges
                0x00000020       0x30 ./Core/Src/devices/GPIO.o
 .debug_aranges
                0x00000050       0x38 ./Core/Src/devices/LED.o
 .debug_aranges
                0x00000088       0x58 ./Core/Src/devices/UART.o
 .debug_aranges
                0x000000e0       0x20 ./Core/Src/homework/printf.o
 .debug_aranges
                0x00000100       0xa0 ./Core/Src/project/project_part_3.o
 .debug_aranges
                0x000001a0       0x20 ./Core/Src/system/SysClock.o
 .debug_aranges
                0x000001c0       0x20 ./Core/Src/system/sysmem.o
 .debug_aranges
                0x000001e0       0x28 ./Core/Src/system/system_stm32l4xx.o
 .debug_aranges
                0x00000208       0x28 ./Core/Startup/startup_stm32l476rgtx.o
 .debug_aranges
                0x00000230      0x130 ./Drivers/STM32L4xx_HAL_Driver/Src/stm32l4xx_hal.o
 .debug_aranges
                0x00000360      0x128 ./Drivers/STM32L4xx_HAL_Driver/Src/stm32l4xx_hal_cortex.o
 .debug_aranges
                0x00000488       0x58 ./Drivers/STM32L4xx_HAL_Driver/Src/stm32l4xx_hal_gpio.o

.debug_rnglists
                0x00000000      0x375
 .debug_rnglists
                0x00000000       0x13 ./Core/Src/main.o
 .debug_rnglists
                0x00000013       0x21 ./Core/Src/devices/GPIO.o
 .debug_rnglists
                0x00000034       0x26 ./Core/Src/devices/LED.o
 .debug_rnglists
                0x0000005a       0x40 ./Core/Src/devices/UART.o
 .debug_rnglists
                0x0000009a       0x13 ./Core/Src/homework/printf.o
 .debug_rnglists
                0x000000ad       0x76 ./Core/Src/project/project_part_3.o
 .debug_rnglists
                0x00000123       0x14 ./Core/Src/system/SysClock.o
 .debug_rnglists
                0x00000137       0x13 ./Core/Src/system/sysmem.o
 .debug_rnglists
                0x0000014a       0x1a ./Core/Src/system/system_stm32l4xx.o
 .debug_rnglists
                0x00000164       0x19 ./Core/Startup/startup_stm32l476rgtx.o
 .debug_rnglists
                0x0000017d       0xdf ./Drivers/STM32L4xx_HAL_Driver/Src/stm32l4xx_hal.o
 .debug_rnglists
                0x0000025c       0xda ./Drivers/STM32L4xx_HAL_Driver/Src/stm32l4xx_hal_cortex.o
 .debug_rnglists
                0x00000336       0x3f ./Drivers/STM32L4xx_HAL_Driver/Src/stm32l4xx_hal_gpio.o

.debug_macro    0x00000000    0x26507
 .debug_macro   0x00000000       0x23 ./Core/Src/main.o
 .debug_macro   0x00000023      0x204 ./Core/Src/devices/GPIO.o
 .debug_macro   0x00000227       0x5e ./Core/Src/devices/GPIO.o
 .debug_macro   0x00000285       0x1c ./Core/Src/devices/GPIO.o
 .debug_macro   0x000002a1       0x22 ./Core/Src/devices/GPIO.o
 .debug_macro   0x000002c3       0x2e ./Core/Src/devices/GPIO.o
 .debug_macro   0x000002f1       0x28 ./Core/Src/devices/GPIO.o
 .debug_macro   0x00000319       0x22 ./Core/Src/devices/GPIO.o
 .debug_macro   0x0000033b       0x8e ./Core/Src/devices/GPIO.o
 .debug_macro   0x000003c9       0x51 ./Core/Src/devices/GPIO.o
 .debug_macro   0x0000041a      0x103 ./Core/Src/devices/GPIO.o
 .debug_macro   0x0000051d       0x6a ./Core/Src/devices/GPIO.o
 .debug_macro   0x00000587      0x1df ./Core/Src/devices/GPIO.o
 .debug_macro   0x00000766       0x1c ./Core/Src/devices/GPIO.o
 .debug_macro   0x00000782       0x22 ./Core/Src/devices/GPIO.o
 .debug_macro   0x000007a4       0xfb ./Core/Src/devices/GPIO.o
 .debug_macro   0x0000089f     0x1011 ./Core/Src/devices/GPIO.o
 .debug_macro   0x000018b0      0x11f ./Core/Src/devices/GPIO.o
 .debug_macro   0x000019cf    0x1a17a ./Core/Src/devices/GPIO.o
 .debug_macro   0x0001bb49       0x6d ./Core/Src/devices/GPIO.o
 .debug_macro   0x0001bbb6      0x1a7 ./Core/Src/devices/GPIO.o
 .debug_macro   0x0001bd5d     0x38fb ./Core/Src/devices/GPIO.o
 .debug_macro   0x0001f658      0x189 ./Core/Src/devices/GPIO.o
 .debug_macro   0x0001f7e1       0x5c ./Core/Src/devices/GPIO.o
 .debug_macro   0x0001f83d     0x159e ./Core/Src/devices/GPIO.o
 .debug_macro   0x00020ddb      0x5a5 ./Core/Src/devices/GPIO.o
 .debug_macro   0x00021380      0x1b9 ./Core/Src/devices/GPIO.o
 .debug_macro   0x00021539      0x18b ./Core/Src/devices/GPIO.o
 .debug_macro   0x000216c4      0x26b ./Core/Src/devices/GPIO.o
 .debug_macro   0x0002192f      0x23d ./Core/Src/devices/GPIO.o
 .debug_macro   0x00021b6c      0xf83 ./Core/Src/devices/GPIO.o
 .debug_macro   0x00022aef      0x632 ./Core/Src/devices/GPIO.o
 .debug_macro   0x00023121      0x30c ./Core/Src/devices/GPIO.o
 .debug_macro   0x0002342d      0x153 ./Core/Src/devices/GPIO.o
 .debug_macro   0x00023580       0xd8 ./Core/Src/devices/GPIO.o
 .debug_macro   0x00023658      0x241 ./Core/Src/devices/GPIO.o
 .debug_macro   0x00023899      0x37c ./Core/Src/devices/GPIO.o
 .debug_macro   0x00023c15       0xd6 ./Core/Src/devices/GPIO.o
 .debug_macro   0x00023ceb      0x122 ./Core/Src/devices/GPIO.o
 .debug_macro   0x00023e0d      0x3ef ./Core/Src/devices/GPIO.o
 .debug_macro   0x000241fc      0x330 ./Core/Src/devices/GPIO.o
 .debug_macro   0x0002452c       0xcf ./Core/Src/devices/LED.o
 .debug_macro   0x000245fb       0xdb ./Core/Src/devices/UART.o
 .debug_macro   0x000246d6      0x1e9 ./Core/Src/homework/printf.o
 .debug_macro   0x000248bf       0x5b ./Core/Src/homework/printf.o
 .debug_macro   0x0002491a       0x2a ./Core/Src/homework/printf.o
 .debug_macro   0x00024944       0x94 ./Core/Src/homework/printf.o
 .debug_macro   0x000249d8       0x43 ./Core/Src/homework/printf.o
 .debug_macro   0x00024a1b       0x34 ./Core/Src/homework/printf.o
 .debug_macro   0x00024a4f       0x16 ./Core/Src/homework/printf.o
 .debug_macro   0x00024a65       0x57 ./Core/Src/homework/printf.o
 .debug_macro   0x00024abc       0x9e ./Core/Src/homework/printf.o
 .debug_macro   0x00024b5a      0x369 ./Core/Src/homework/printf.o
 .debug_macro   0x00024ec3      0x10b ./Core/Src/homework/printf.o
 .debug_macro   0x00024fce       0x10 ./Core/Src/homework/printf.o
 .debug_macro   0x00024fde       0x16 ./Core/Src/homework/printf.o
 .debug_macro   0x00024ff4       0x43 ./Core/Src/homework/printf.o
 .debug_macro   0x00025037       0x34 ./Core/Src/homework/printf.o
 .debug_macro   0x0002506b       0x10 ./Core/Src/homework/printf.o
 .debug_macro   0x0002507b       0x58 ./Core/Src/homework/printf.o
 .debug_macro   0x000250d3       0x8e ./Core/Src/homework/printf.o
 .debug_macro   0x00025161       0x1c ./Core/Src/homework/printf.o
 .debug_macro   0x0002517d      0x177 ./Core/Src/homework/printf.o
 .debug_macro   0x000252f4       0x16 ./Core/Src/homework/printf.o
 .debug_macro   0x0002530a       0x16 ./Core/Src/homework/printf.o
 .debug_macro   0x00025320      0x146 ./Core/Src/homework/printf.o
 .debug_macro   0x00025466       0x4c ./Core/Src/homework/printf.o
 .debug_macro   0x000254b2       0x16 ./Core/Src/homework/printf.o
 .debug_macro   0x000254c8       0x35 ./Core/Src/homework/printf.o
 .debug_macro   0x000254fd       0x20 ./Core/Src/homework/printf.o
 .debug_macro   0x0002551d      0x34c ./Core/Src/project/project_part_3.o
 .debug_macro   0x00025869       0x10 ./Core/Src/project/project_part_3.o
 .debug_macro   0x00025879       0x1c ./Core/Src/project/project_part_3.o
 .debug_macro   0x00025895       0x1c ./Core/Src/project/project_part_3.o
 .debug_macro   0x000258b1       0x16 ./Core/Src/project/project_part_3.o
 .debug_macro   0x000258c7       0x16 ./Core/Src/project/project_part_3.o
 .debug_macro   0x000258dd       0x29 ./Core/Src/project/project_part_3.o
 .debug_macro   0x00025906       0x56 ./Core/Src/project/project_part_3.o
 .debug_macro   0x0002595c       0x10 ./Core/Src/project/project_part_3.o
 .debug_macro   0x0002596c       0xc9 ./Core/Src/system/SysClock.o
 .debug_macro   0x00025a35       0xff ./Core/Src/system/sysmem.o
 .debug_macro   0x00025b34      0x23c ./Core/Src/system/sysmem.o
 .debug_macro   0x00025d70      0x1d5 ./Core/Src/system/system_stm32l4xx.o
 .debug_macro   0x00025f45      0x21d ./Drivers/STM32L4xx_HAL_Driver/Src/stm32l4xx_hal.o
 .debug_macro   0x00026162      0x1cf ./Drivers/STM32L4xx_HAL_Driver/Src/stm32l4xx_hal_cortex.o
 .debug_macro   0x00026331      0x1d6 ./Drivers/STM32L4xx_HAL_Driver/Src/stm32l4xx_hal_gpio.o

.debug_line     0x00000000     0x6270
 .debug_line    0x00000000       0x98 ./Core/Src/main.o
 .debug_line    0x00000098      0x890 ./Core/Src/devices/GPIO.o
 .debug_line    0x00000928      0x568 ./Core/Src/devices/LED.o
 .debug_line    0x00000e90      0x777 ./Core/Src/devices/UART.o
 .debug_line    0x00001607      0x6bf ./Core/Src/homework/printf.o
 .debug_line    0x00001cc6      0xca8 ./Core/Src/project/project_part_3.o
 .debug_line    0x0000296e      0x641 ./Core/Src/system/SysClock.o
 .debug_line    0x00002faf      0x58a ./Core/Src/system/sysmem.o
 .debug_line    0x00003539      0x848 ./Core/Src/system/system_stm32l4xx.o
 .debug_line    0x00003d81       0x7a ./Core/Startup/startup_stm32l476rgtx.o
 .debug_line    0x00003dfb      0xb60 ./Drivers/STM32L4xx_HAL_Driver/Src/stm32l4xx_hal.o
 .debug_line    0x0000495b      0xd29 ./Drivers/STM32L4xx_HAL_Driver/Src/stm32l4xx_hal_cortex.o
 .debug_line    0x00005684      0xbec ./Drivers/STM32L4xx_HAL_Driver/Src/stm32l4xx_hal_gpio.o

.debug_str      0x00000000    0xf50cd
 .debug_str     0x00000000     0x2e19 ./Core/Src/main.o
                               0x2e30 (size before relaxing)
 .debug_str     0x00002e19    0xed536 ./Core/Src/devices/GPIO.o
                              0xf08b3 (size before relaxing)
 .debug_str     0x000f034f       0x5a ./Core/Src/devices/LED.o
                              0x9e396 (size before relaxing)
 .debug_str     0x000f03a9       0xfe ./Core/Src/devices/UART.o
                              0x9e465 (size before relaxing)
 .debug_str     0x000f04a7     0x386c ./Core/Src/homework/printf.o
                              0xa1ed2 (size before relaxing)
 .debug_str     0x000f3d13      0x2ad ./Core/Src/project/project_part_3.o
                              0xf40b2 (size before relaxing)
 .debug_str     0x000f3fc0       0x8d ./Core/Src/system/SysClock.o
                              0x9e3be (size before relaxing)
 .debug_str     0x000f404d      0x4e3 ./Core/Src/system/sysmem.o
                               0x60cf (size before relaxing)
 .debug_str     0x000f4530       0xaa ./Core/Src/system/system_stm32l4xx.o
                              0xf009a (size before relaxing)
 .debug_str     0x000f45da       0x44 ./Core/Startup/startup_stm32l476rgtx.o
                                 0x7b (size before relaxing)
 .debug_str     0x000f461e      0x68e ./Drivers/STM32L4xx_HAL_Driver/Src/stm32l4xx_hal.o
                              0xf0c0b (size before relaxing)
 .debug_str     0x000f4cac      0x32f ./Drivers/STM32L4xx_HAL_Driver/Src/stm32l4xx_hal_cortex.o
                              0xf08f1 (size before relaxing)
 .debug_str     0x000f4fdb       0xf2 ./Drivers/STM32L4xx_HAL_Driver/Src/stm32l4xx_hal_gpio.o
                              0xf01f1 (size before relaxing)

.comment        0x00000000       0x43
 .comment       0x00000000       0x43 ./Core/Src/main.o
                                 0x44 (size before relaxing)
 .comment       0x00000043       0x44 ./Core/Src/devices/GPIO.o
 .comment       0x00000043       0x44 ./Core/Src/devices/LED.o
 .comment       0x00000043       0x44 ./Core/Src/devices/UART.o
 .comment       0x00000043       0x44 ./Core/Src/homework/printf.o
 .comment       0x00000043       0x44 ./Core/Src/project/project_part_3.o
 .comment       0x00000043       0x44 ./Core/Src/system/SysClock.o
 .comment       0x00000043       0x44 ./Core/Src/system/sysmem.o
 .comment       0x00000043       0x44 ./Core/Src/system/system_stm32l4xx.o
 .comment       0x00000043       0x44 ./Drivers/STM32L4xx_HAL_Driver/Src/stm32l4xx_hal.o
 .comment       0x00000043       0x44 ./Drivers/STM32L4xx_HAL_Driver/Src/stm32l4xx_hal_cortex.o
 .comment       0x00000043       0x44 ./Drivers/STM32L4xx_HAL_Driver/Src/stm32l4xx_hal_gpio.o

.debug_frame    0x00000000     0x15e4
 .debug_frame   0x00000000       0x2c ./Core/Src/main.o
 .debug_frame   0x0000002c       0x74 ./Core/Src/devices/GPIO.o
 .debug_frame   0x000000a0       0x90 ./Core/Src/devices/LED.o
 .debug_frame   0x00000130      0x138 ./Core/Src/devices/UART.o
 .debug_frame   0x00000268       0x4c ./Core/Src/homework/printf.o
 .debug_frame   0x000002b4      0x21c ./Core/Src/project/project_part_3.o
 .debug_frame   0x000004d0       0x38 ./Core/Src/system/SysClock.o
 .debug_frame   0x00000508       0x34 ./Core/Src/system/sysmem.o
 .debug_frame   0x0000053c       0x58 ./Core/Src/system/system_stm32l4xx.o
 .debug_frame   0x00000594      0x498 ./Drivers/STM32L4xx_HAL_Driver/Src/stm32l4xx_hal.o
 .debug_frame   0x00000a2c      0x4e8 ./Drivers/STM32L4xx_HAL_Driver/Src/stm32l4xx_hal_cortex.o
 .debug_frame   0x00000f14      0x14c ./Drivers/STM32L4xx_HAL_Driver/Src/stm32l4xx_hal_gpio.o
 .debug_frame   0x00001060      0x144 C:/ST/STM32CubeIDE_1.16.1/STM32CubeIDE/plugins/com.st.stm32cube.ide.mcu.externaltools.gnu-tools-for-stm32.12.3.rel1.win32_1.0.200.202406191623/tools/bin/../lib/gcc/arm-none-eabi/12.3.1/../../../../arm-none-eabi/lib/thumb/v7e-m+fp/hard\libc_nano.a(libc_a-findfp.o)
 .debug_frame   0x000011a4       0x4c C:/ST/STM32CubeIDE_1.16.1/STM32CubeIDE/plugins/com.st.stm32cube.ide.mcu.externaltools.gnu-tools-for-stm32.12.3.rel1.win32_1.0.200.202406191623/tools/bin/../lib/gcc/arm-none-eabi/12.3.1/../../../../arm-none-eabi/lib/thumb/v7e-m+fp/hard\libc_nano.a(libc_a-vsnprintf.o)
 .debug_frame   0x000011f0       0x20 C:/ST/STM32CubeIDE_1.16.1/STM32CubeIDE/plugins/com.st.stm32cube.ide.mcu.externaltools.gnu-tools-for-stm32.12.3.rel1.win32_1.0.200.202406191623/tools/bin/../lib/gcc/arm-none-eabi/12.3.1/../../../../arm-none-eabi/lib/thumb/v7e-m+fp/hard\libc_nano.a(libc_a-memset.o)
 .debug_frame   0x00001210       0x38 C:/ST/STM32CubeIDE_1.16.1/STM32CubeIDE/plugins/com.st.stm32cube.ide.mcu.externaltools.gnu-tools-for-stm32.12.3.rel1.win32_1.0.200.202406191623/tools/bin/../lib/gcc/arm-none-eabi/12.3.1/../../../../arm-none-eabi/lib/thumb/v7e-m+fp/hard\libc_nano.a(libc_a-reent.o)
 .debug_frame   0x00001248       0x20 C:/ST/STM32CubeIDE_1.16.1/STM32CubeIDE/plugins/com.st.stm32cube.ide.mcu.externaltools.gnu-tools-for-stm32.12.3.rel1.win32_1.0.200.202406191623/tools/bin/../lib/gcc/arm-none-eabi/12.3.1/../../../../arm-none-eabi/lib/thumb/v7e-m+fp/hard\libc_nano.a(libc_a-errno.o)
 .debug_frame   0x00001268       0x2c C:/ST/STM32CubeIDE_1.16.1/STM32CubeIDE/plugins/com.st.stm32cube.ide.mcu.externaltools.gnu-tools-for-stm32.12.3.rel1.win32_1.0.200.202406191623/tools/bin/../lib/gcc/arm-none-eabi/12.3.1/../../../../arm-none-eabi/lib/thumb/v7e-m+fp/hard\libc_nano.a(libc_a-init.o)
 .debug_frame   0x00001294       0xb0 C:/ST/STM32CubeIDE_1.16.1/STM32CubeIDE/plugins/com.st.stm32cube.ide.mcu.externaltools.gnu-tools-for-stm32.12.3.rel1.win32_1.0.200.202406191623/tools/bin/../lib/gcc/arm-none-eabi/12.3.1/../../../../arm-none-eabi/lib/thumb/v7e-m+fp/hard\libc_nano.a(libc_a-lock.o)
 .debug_frame   0x00001344       0x20 C:/ST/STM32CubeIDE_1.16.1/STM32CubeIDE/plugins/com.st.stm32cube.ide.mcu.externaltools.gnu-tools-for-stm32.12.3.rel1.win32_1.0.200.202406191623/tools/bin/../lib/gcc/arm-none-eabi/12.3.1/../../../../arm-none-eabi/lib/thumb/v7e-m+fp/hard\libc_nano.a(libc_a-strcmp.o)
 .debug_frame   0x00001364       0x38 C:/ST/STM32CubeIDE_1.16.1/STM32CubeIDE/plugins/com.st.stm32cube.ide.mcu.externaltools.gnu-tools-for-stm32.12.3.rel1.win32_1.0.200.202406191623/tools/bin/../lib/gcc/arm-none-eabi/12.3.1/../../../../arm-none-eabi/lib/thumb/v7e-m+fp/hard\libc_nano.a(libc_a-freer.o)
 .debug_frame   0x0000139c       0x50 C:/ST/STM32CubeIDE_1.16.1/STM32CubeIDE/plugins/com.st.stm32cube.ide.mcu.externaltools.gnu-tools-for-stm32.12.3.rel1.win32_1.0.200.202406191623/tools/bin/../lib/gcc/arm-none-eabi/12.3.1/../../../../arm-none-eabi/lib/thumb/v7e-m+fp/hard\libc_nano.a(libc_a-mallocr.o)
 .debug_frame   0x000013ec       0x30 C:/ST/STM32CubeIDE_1.16.1/STM32CubeIDE/plugins/com.st.stm32cube.ide.mcu.externaltools.gnu-tools-for-stm32.12.3.rel1.win32_1.0.200.202406191623/tools/bin/../lib/gcc/arm-none-eabi/12.3.1/../../../../arm-none-eabi/lib/thumb/v7e-m+fp/hard\libc_nano.a(libc_a-mlock.o)
 .debug_frame   0x0000141c       0x90 C:/ST/STM32CubeIDE_1.16.1/STM32CubeIDE/plugins/com.st.stm32cube.ide.mcu.externaltools.gnu-tools-for-stm32.12.3.rel1.win32_1.0.200.202406191623/tools/bin/../lib/gcc/arm-none-eabi/12.3.1/../../../../arm-none-eabi/lib/thumb/v7e-m+fp/hard\libc_nano.a(libc_a-nano-svfprintf.o)
 .debug_frame   0x000014ac       0x60 C:/ST/STM32CubeIDE_1.16.1/STM32CubeIDE/plugins/com.st.stm32cube.ide.mcu.externaltools.gnu-tools-for-stm32.12.3.rel1.win32_1.0.200.202406191623/tools/bin/../lib/gcc/arm-none-eabi/12.3.1/../../../../arm-none-eabi/lib/thumb/v7e-m+fp/hard\libc_nano.a(libc_a-nano-vfprintf_i.o)
 .debug_frame   0x0000150c       0x28 C:/ST/STM32CubeIDE_1.16.1/STM32CubeIDE/plugins/com.st.stm32cube.ide.mcu.externaltools.gnu-tools-for-stm32.12.3.rel1.win32_1.0.200.202406191623/tools/bin/../lib/gcc/arm-none-eabi/12.3.1/../../../../arm-none-eabi/lib/thumb/v7e-m+fp/hard\libc_nano.a(libc_a-memmove.o)
 .debug_frame   0x00001534       0x2c C:/ST/STM32CubeIDE_1.16.1/STM32CubeIDE/plugins/com.st.stm32cube.ide.mcu.externaltools.gnu-tools-for-stm32.12.3.rel1.win32_1.0.200.202406191623/tools/bin/../lib/gcc/arm-none-eabi/12.3.1/../../../../arm-none-eabi/lib/thumb/v7e-m+fp/hard\libc_nano.a(libc_a-sbrkr.o)
 .debug_frame   0x00001560       0x28 C:/ST/STM32CubeIDE_1.16.1/STM32CubeIDE/plugins/com.st.stm32cube.ide.mcu.externaltools.gnu-tools-for-stm32.12.3.rel1.win32_1.0.200.202406191623/tools/bin/../lib/gcc/arm-none-eabi/12.3.1/../../../../arm-none-eabi/lib/thumb/v7e-m+fp/hard\libc_nano.a(libc_a-memcpy-stub.o)
 .debug_frame   0x00001588       0x3c C:/ST/STM32CubeIDE_1.16.1/STM32CubeIDE/plugins/com.st.stm32cube.ide.mcu.externaltools.gnu-tools-for-stm32.12.3.rel1.win32_1.0.200.202406191623/tools/bin/../lib/gcc/arm-none-eabi/12.3.1/../../../../arm-none-eabi/lib/thumb/v7e-m+fp/hard\libc_nano.a(libc_a-reallocr.o)
 .debug_frame   0x000015c4       0x20 C:/ST/STM32CubeIDE_1.16.1/STM32CubeIDE/plugins/com.st.stm32cube.ide.mcu.externaltools.gnu-tools-for-stm32.12.3.rel1.win32_1.0.200.202406191623/tools/bin/../lib/gcc/arm-none-eabi/12.3.1/../../../../arm-none-eabi/lib/thumb/v7e-m+fp/hard\libc_nano.a(libc_a-msizer.o)

.debug_line_str
                0x00000000       0x5f
 .debug_line_str
                0x00000000       0x5f ./Core/Startup/startup_stm32l476rgtx.o
